### BTest baseline data generated by btest-diff. Do not edit. Use "btest -U/-u" to update. Requires BTest >= 0.63.
Starting HTTP server
We are listening!
Got a request counter=1
>>>
