### BTest baseline data generated by btest-diff. Do not edit. Use "btest -U/-u" to update. Requires BTest >= 0.63.
say_hello(true): HELLO
say_hello(false): Hello
bool true typeof=boolean b=true json={"b":true}
bool false typeof=boolean b=false json={"b":false}
