### BTest baseline data generated by btest-diff. Do not edit. Use "btest -U/-u" to update. Requires BTest >= 0.63.
[a=1, b=<uninitialized>, c=<uninitialized>]
[a=1, b=abc, c=127.0.0.1]
[a=1, b=cba, c=<uninitialized>]
[a=1, b=<uninitialized>, c=127.0.0.2]
[a=1, b=<uninitialized>, c=<uninitialized>]
