### BTest baseline data generated by btest-diff. Do not edit. Use "btest -U/-u" to update. Requires BTest >= 0.63.
Wrong number of arguments
Caught it: Expected 2 args
Wrong type for record
Caught it: Expected object as first argument
Plain object
Caught it: Obj does not wrap a Zeek value
Bad mask
Caught it: invalid attribute mask - only 0 or 1 allowed
