### BTest baseline data generated by btest-diff. Do not edit. Use "btest -U/-u" to update. Requires BTest >= 0.63.
Caught it: TypeError: Not able to convert js value '4242' of type number to zeek type string
Caught it: TypeError: Not able to convert js value 'a string' of type string to zeek type count
Caught it: TypeError: field no_such_field does not exist in record type MyRecord
Caught it: TypeError: Not able to convert js value '192.168.0.300' of type string to zeek type addr
