### BTest baseline data generated by btest-diff. Do not edit. Use "btest -U/-u" to update. Requires BTest >= 0.63.
zeek_init
nexttick1
nexttick2
immedidate1
immedidate3
immedidate2
zeek_done
nexttick1
nexttick2
immedidate1
immedidate3
immedidate2
