### BTest baseline data generated by btest-diff. Do not edit. Use "btest -U/-u" to update. Requires BTest >= 0.63.
JS: changing Site::local_nets
ZEEK: zeek_done: Site::local_nets={\x0a\x09192.168.0.0/16,\x0a\x0910.0.0.0/8\x0a}
