### BTest baseline data generated by btest-diff. Do not edit. Use "btest -U/-u" to update. Requires BTest >= 0.63.
JS: time: typeof=number ts=1630163883.86 json=1630163883.86
JS: interval: typeof=number i=1.234 json=1.234
ZEEK: number 1651407414.437566 (1651407414.437566)
ZEEK: date1 1651407414.437 (1651407414.437)
ZEEK: date2 1651407414.437 (1651407414.437)
