### BTest baseline data generated by btest-diff. Do not edit. Use "btest -U/-u" to update. Requires BTest >= 0.63.
1630238733.951343 1 Intel::match on 'corelight.com' in 'DNS::IN_REQUEST' for CHhAvVGS1DHFjwGM9 ([{"indicator":"corelight.com","indicator_type":"Intel::DOMAIN","meta":{"source":"source1"}}])
1630238734.007549 1 Intel::match on '199.60.103.106' in 'Conn::IN_RESP' for ClEkJM2Vm5giqnMf4h ([{"indicator":"199.60.103.106","indicator_type":"Intel::ADDR","meta":{"source":"source2"}}])
1630238734.007674 1 Intel::match on 'corelight.com' in 'HTTP::IN_HOST_HEADER' for ClEkJM2Vm5giqnMf4h ([{"indicator":"corelight.com","indicator_type":"Intel::DOMAIN","meta":{"source":"source1"}}])
1630238734.204254 1 Intel::match on '199.60.103.106' in 'Conn::IN_RESP' for C4J4Th3PJpwUYZZ6gc ([{"indicator":"199.60.103.106","indicator_type":"Intel::ADDR","meta":{"source":"source2"}}])
1630238734.2097 1 Intel::match on 'corelight.com' in 'SSL::IN_SERVER_NAME' for C4J4Th3PJpwUYZZ6gc ([{"indicator":"corelight.com","indicator_type":"Intel::DOMAIN","meta":{"source":"source1"}}])
