### BTest baseline data generated by btest-diff. Do not edit. Use "btest -U/-u" to update. Requires BTest >= 0.63.
ZEEK: hook invoked, 0, breaking?, F
JS: result true
ZEEK: hook invoked, 1, breaking?, T
JS: result false
