### BTest baseline data generated by btest-diff. Do not edit. Use "btest -U/-u" to update. Requires BTest >= 0.63.
tcp_port.port=80
tcp_port.proto=tcp
JSON.stringify=80
tcp is tcp: true
tcp is udp : false
udp_port.port=4789
udp_port.proto=udp
JSON.stringify=4789
udp is tcp: false
udp is udp : true
