### BTest baseline data generated by btest-diff. Do not edit. Use "btest -U/-u" to update. Requires BTest >= 0.63.
Invoking Test::test_optional: s=cookie t=abc
Invoking Test::test_optional: s=cookie t=eikooc
ZEEK: test_optional: s='cookie' t='abc'
ZEEK: test_optional: s='cookie' t='eikooc'
