### BTest baseline data generated by btest-diff. Do not edit. Use "btest -U/-u" to update. Requires BTest >= 0.63.
timer1
immedidate1
immedidate2
immedidate3
timer2
