### BTest baseline data generated by btest-diff. Do not edit. Use "btest -U/-u" to update. Requires BTest >= 0.63.
JS: zeek_init
JS: beforeExit() code=0 counter=1
Timeout 1
JS: beforeExit() code=0 counter=2
Timeout 2
JS: zeek_done
JS: exit=0
Shell got: 0
