### BTest baseline data generated by btest-diff. Do not edit. Use "btest -U/-u" to update. Requires BTest >= 0.63.
Caught TypeError: Unable to convert JS value '1' of type number to Zeek type set
Caught TypeError: Unable to convert JS value '[object Object]' of type object to Zeek type set
Caught TypeError: Error with array element at index 0: Unable to convert JS value '1' of type number to Zeek type subnet
Caught TypeError: Error with array element at index 0: Unable to convert JS value '10.0.0.1/100' of type string to Zeek type subnet
Caught TypeError: Error with array element at index 1: Unable to convert JS value '192.168.0.0/100' of type string to Zeek type subnet
Caught TypeError: Unsupported index size 2 for type subnet_addr_set
