### BTest baseline data generated by btest-diff. Do not edit. Use "btest -U/-u" to update. Requires BTest >= 0.63.
Caught: can enumerate only pure tables
Caught: table with non-atomic index not supported
Caught: composite table indices not supported
