### BTest baseline data generated by btest-diff. Do not edit. Use "btest -U/-u" to update. Requires BTest >= 0.63.
network_time_init ts=1630165473.690298
{
  "pkts_recvd": 12,
  "pkts_dropped": 0,
  "pkts_link": 0,
  "bytes_recvd": 10107
}
{
  "queued": 42,
  "dispatched": 40
}
