### BTest baseline data generated by btest-diff. Do not edit. Use "btest -U/-u" to update. Requires BTest >= 0.63.
JS: zeek_init start
JS: trampoline for Test::a
JS: trampoline for Test::a
ZEEK: Test::b()
JS: trampoline for Test::b
ZEEK: Test::b()
JS: trampoline for Test::b
ZEEK: Test::b()
JS: zeek_init end
ZEEK: Test::a()
ZEEK: Test::a()
ZEEK: Test::a()
