### BTest baseline data generated by btest-diff. Do not edit. Use "btest -U/-u" to update. Requires BTest >= 0.63.
suspend_processing
zeek_init end
still waiting...
continue_processing
delayed enough? true
{
  "pkts_recvd": 12,
  "pkts_dropped": 0,
  "pkts_link": 0,
  "bytes_recvd": 10107
}
zeek_done
