### BTest baseline data generated by btest-diff. Do not edit. Use "btest -U/-u" to update. Requires BTest >= 0.63.
ZEEK: zeek_init: my_count=42
ZEEK: zeek_init: my_addr=1.2.3.4
ZEEK: zeek_init: my_vec=[1, 2, 3]
JS: changing my_count
ZEEK: change_count: Test::my_count changed from 42 to 4242
JS: changing my_addr
ZEEK: change_addr: Test::my_addr changed from 4242 to 11.22.33.44
ZEEK: change_count_vec: Test::my_vec changed from [1, 2, 3] to [4, 5, 6]
ZEEK: zeek_done: my_count=4242
ZEEK: zeek_done: my_addr=11.22.33.44
ZEEK: zeek_done: my_vec=[4, 5, 6]
