### BTest baseline data generated by btest-diff. Do not edit. Use "btest -U/-u" to update. Requires BTest >= 0.63.
no optional
keys ["s","c","sv","os","ds"]
values ["string1",42,["a","b","c"],null,"default string"]
entries [["s","string1"],["c",42],["sv",["a","b","c"]],["os",null],["ds","default string"]]
with optional
keys ["s","c","sv","os","ds"]
values ["string1",42,["a","b","c"],"optional string","default string"]
entries [["s","string1"],["c",42],["sv",["a","b","c"]],["os","optional string"],["ds","default string"]]
