### BTest baseline data generated by btest-diff. Do not edit. Use "btest -U/-u" to update. Requires BTest >= 0.63.
analyzer_confirmation CHhAvVGS1DHFjwGM9 Analyzer::ANALYZER_HTTP 3n
http_request CHhAvVGS1DHFjwGM9 GET /style/enhanced.css /style/enhanced.css 3n
