### BTest baseline data generated by btest-diff. Do not edit. Use "btest -U/-u" to update. Requires BTest >= 0.63.
Non object as port
Caught it: Not able to convert js value '123' of type number to zeek type port
Non object as port
Caught it: Not able to convert js value '123' of type string to zeek type port
Empty object as port
Caught it: Missing property or bad type for port (number) or proto (string)
Missing port property
Caught it: Missing property or bad type for port (number) or proto (string)
Wrong type for port property
Caught it: Missing property or bad type for port (number) or proto (string)
Wrong type for proto property
Caught it: Missing property or bad type for port (number) or proto (string)
