### BTest baseline data generated by btest-diff. Do not edit. Use "btest -U/-u" to update. Requires BTest >= 0.63.
JS: zeek_init
s2c_t, {\x0a\x09[mystring] = 42\x0a}
s2r_t, {\x0a\x09[rec2] = [string_field=rec2, string_field_optional=optional rec2],\x0a\x09[rec1] = [string_field=rec1, string_field_optional=<uninitialized>]\x0a}
a2s_t, {\x0a\x09[192.168.0.1] = This is 192.168.0.1\x0a}
c2c_t, {\x0a\x09[4] = 4,\x0a\x09[2] = 2,\x0a\x09[3] = 3,\x0a\x09[1] = 2\x0a}
sn2a_t, {\x0a\x09[192.168.1.0/24] = 192.168.1.1,\x0a\x09[2001:db8::/64] = 2001:db8::1,\x0a\x09[192.168.0.0/24] = 192.168.0.1\x0a}
s2vr_t, {\x0a\x09[records2] = [[string_field=rec2-1, string_field_optional=<uninitialized>]],\x0a\x09[records1] = [[string_field=rec1-1, string_field_optional=<uninitialized>], [string_field=rec1-2, string_field_optional=rec1-2 optional]]\x0a}
