### BTest baseline data generated by btest-diff. Do not edit. Use "btest -U/-u" to update. Requires BTest >= 0.63.
Connecting 1
Connected 1
Got echo: Hello, I am 1!
Schedule next connection
Connecting 2
Connected 2
Got echo: Hello, I am 2!
Schedule next connection
Connecting 3
Connected 3
Got echo: Hello, I am 3!
Schedule next connection
Connecting 4
Connected 4
Got echo: Hello, I am 4!
Schedule next connection
Connecting 5
Connected 5
Got echo: Hello, I am 5!
Schedule next connection
Connecting 6
Connected 6
Got echo: Hello, I am 6!
Schedule next connection
Connecting 7
Connected 7
Got echo: Hello, I am 7!
Schedule next connection
Connecting 8
Connected 8
Got echo: Hello, I am 8!
Schedule next connection
Connecting 9
Connected 9
Got echo: Hello, I am 9!
Schedule next connection
Connecting 10
Connected 10
Got echo: Hello, I am 10!
Schedule next connection
Connecting 11
Connected 11
Got echo: Hello, I am 11!
Schedule next connection
Connecting 12
Connected 12
Got echo: Hello, I am 12!
Schedule next connection
Connecting 13
Connected 13
Got echo: Hello, I am 13!
Schedule next connection
Connecting 14
Connected 14
Got echo: Hello, I am 14!
Schedule next connection
Connecting 15
Connected 15
Got echo: Hello, I am 15!
Schedule next connection
Connecting 16
Connected 16
Got echo: Hello, I am 16!
Schedule next connection
Connecting 17
Connected 17
Got echo: Hello, I am 17!
Schedule next connection
Connecting 18
Connected 18
Got echo: Hello, I am 18!
Schedule next connection
Connecting 19
Connected 19
Got echo: Hello, I am 19!
Schedule next connection
Connecting 20
Connected 20
Got echo: Hello, I am 20!
Schedule next connection
Connecting 21
Connected 21
Got echo: Hello, I am 21!
Schedule next connection
Connecting 22
Connected 22
Got echo: Hello, I am 22!
Schedule next connection
Connecting 23
Connected 23
Got echo: Hello, I am 23!
Schedule next connection
Connecting 24
Connected 24
Got echo: Hello, I am 24!
Schedule next connection
Connecting 25
Connected 25
Got echo: Hello, I am 25!
Schedule next connection
Connecting 26
Connected 26
Got echo: Hello, I am 26!
Schedule next connection
Connecting 27
Connected 27
Got echo: Hello, I am 27!
Schedule next connection
Connecting 28
Connected 28
Got echo: Hello, I am 28!
Schedule next connection
Connecting 29
Connected 29
Got echo: Hello, I am 29!
Schedule next connection
Connecting 30
Connected 30
Got echo: Hello, I am 30!
