### BTest baseline data generated by btest-diff. Do not edit. Use "btest -U/-u" to update. Requires BTest >= 0.63.
zeek_init
immedidate1
immedidate2
immedidate3
timer2
zeek_done
immedidate1
immedidate2
immedidate3
timer2
