### BTest baseline data generated by btest-diff. Do not edit. Use "btest -U/-u" to update. Requires BTest >= 0.63.
ZEEK: before, [string_field=string1, count_field=42, vector_field=[a, b, c]]
JS: Test::policy. Fiddeling with {"string_field":"string1","count_field":42,"vector_field":["a","b","c"]}
ZEEK: after, [string_field=string1 from JS!, count_field=4242, vector_field=[a, b, c, e]]
