### BTest baseline data generated by btest-diff. Do not edit. Use "btest -U/-u" to update. Requires BTest >= 0.63.
Caught: TypeError: Bad value: Unable to convert JS value '1' of type string to Zeek type count
Caught: TypeError: Bad value: Unable to convert JS value '[object Object]' of type object to Zeek type record (missing property string_field for record type MyRecord)
Caught: TypeError: unable to convert index 42 to addr
Caught: TypeError: Bad index: Unable to convert JS value 'scrambled eggs' of type string to Zeek type addr
Caught: TypeError: Bad index: Unable to convert JS value '192.168.0.300' of type string to Zeek type addr
Caught: TypeError: Bad index: Unable to convert JS value 'not a count' of type string to Zeek type count
Caught: TypeError: Bad value: Unable to convert JS value 'not a count' of type string to Zeek type count
Caught: TypeError: Bad value: Unable to convert JS value 'not an ip' of type string to Zeek type addr
Caught: TypeError: Bad index: Unable to convert JS value 'not a subnet' of type string to Zeek type subnet
Caught: TypeError: Bad value: Expected JS type array for Zeek type vector
Caught: TypeError: Bad value: Expected JS type array for Zeek type vector
Caught: TypeError: Bad value: Error with array element at index 0: Unable to convert JS value '1' of type number to Zeek type record (Expected Javascript object for record of type MyRecord)
Caught: TypeError: Bad value: Error with array element at index 0: Unable to convert JS value '[object Object]' of type object to Zeek type record (missing property string_field for record type MyRecord)
Caught: TypeError: Unexpected number of index types: 2
s2c_t, {\x0a\x0a}
s2r_t, {\x0a\x0a}
a2s_t, {\x0a\x0a}
c2c_t, {\x0a\x0a}
sn2a_t, {\x0a\x0a}
s2vr_t, {\x0a\x0a}
ss2c_t, {\x0a\x0a}
