### BTest baseline data generated by btest-diff. Do not edit. Use "btest -U/-u" to update. Requires BTest >= 0.63.
test_subnet_set: 3 ({\x0a\x0910.0.0.0/8,\x0a\x09172.16.0.0/12,\x0a\x09192.168.0.0/24\x0a})
test_string_set: 3 ({\x0aa,\x0ac,\x0ab\x0a})
test_string_set: 6 ({\x0ad,\x0af,\x0ag,\x0ah,\x0ai,\x0ae\x0a})
