### BTest baseline data generated by btest-diff. Do not edit. Use "btest -U/-u" to update. Requires BTest >= 0.63.
zeek_init
immediate1 counter=1
immediate1 counter=2
immediate1 counter=3
immediate1 counter=4
immediate1 counter=5
immediate1 counter=6
immediate1 counter=7
immediate1 counter=8
immediate1 counter=9
immediate1 counter=10
immediate1 counter=11
immediate1 counter=12
immediate1 counter=13
immediate1 counter=14
immediate1 counter=15
immediate1 counter=16
immediate1 counter=17
immediate1 counter=18
immediate1 counter=19
immediate1 counter=20
immediate1 counter=21
immediate1 counter=22
immediate1 counter=23
immediate1 counter=24
immediate1 counter=25
immediate1 counter=26
immediate1 counter=27
immediate1 counter=28
immediate1 counter=29
immediate1 counter=30
immediate1 counter=31
immediate1 counter=32
immediate1 counter=33
immediate1 counter=34
immediate1 counter=35
immediate1 counter=36
immediate1 counter=37
immediate1 counter=38
immediate1 counter=39
immediate1 counter=40
immediate1 counter=41
immediate1 counter=42
immediate1 counter=43
immediate1 counter=44
immediate1 counter=45
immediate1 counter=46
immediate1 counter=47
immediate1 counter=48
immediate1 counter=49
immediate1 counter=50
zeek_done
immediate1 counter=1
immediate1 counter=2
immediate1 counter=3
immediate1 counter=4
immediate1 counter=5
immediate1 counter=6
immediate1 counter=7
immediate1 counter=8
immediate1 counter=9
immediate1 counter=10
immediate1 counter=11
immediate1 counter=12
immediate1 counter=13
immediate1 counter=14
immediate1 counter=15
immediate1 counter=16
immediate1 counter=17
immediate1 counter=18
immediate1 counter=19
immediate1 counter=20
immediate1 counter=21
immediate1 counter=22
immediate1 counter=23
immediate1 counter=24
immediate1 counter=25
immediate1 counter=26
immediate1 counter=27
immediate1 counter=28
immediate1 counter=29
immediate1 counter=30
immediate1 counter=31
immediate1 counter=32
immediate1 counter=33
immediate1 counter=34
immediate1 counter=35
immediate1 counter=36
immediate1 counter=37
immediate1 counter=38
immediate1 counter=39
immediate1 counter=40
immediate1 counter=41
immediate1 counter=42
immediate1 counter=43
immediate1 counter=44
immediate1 counter=45
immediate1 counter=46
immediate1 counter=47
immediate1 counter=48
immediate1 counter=49
immediate1 counter=50
